<?xml version="1.0" encoding="UTF-8"?>
<testsuites name="Mocha Tests" time="5.329" tests="1" failures="0">
  <testsuite name="Root Suite" timestamp="2023-05-25T14:41:09" tests="0" file="cypress\e2e\Demo2.cy.ts" time="0.000" failures="0">
  </testsuite>
  <testsuite name="Demo2_TestSuite" timestamp="2023-05-25T14:41:09" tests="1" time="5.276" failures="0">
    <testcase name="Demo2_TestSuite Demo_TestCase2" time="1.155" classname="Demo_TestCase2">
    </testcase>
  </testsuite>
</testsuites>